
===========================================================================
 report_power
============================================================================
======================= nom_tt_025C_1v80 Corner ===================================

Group                    Internal    Switching      Leakage        Total
                            Power        Power        Power        Power (Watts)
------------------------------------------------------------------------
Sequential           3.478785e-04 2.879031e-05 2.076740e-09 3.766709e-04  52.4%
Combinational        9.918427e-05 1.299992e-04 2.269513e-09 2.291857e-04  31.9%
Clock                6.336378e-05 4.984805e-05 4.254448e-10 1.132123e-04  15.7%
Macro                0.000000e+00 0.000000e+00 0.000000e+00 0.000000e+00   0.0%
Pad                  0.000000e+00 0.000000e+00 0.000000e+00 0.000000e+00   0.0%
------------------------------------------------------------------------
Total                5.104265e-04 2.086375e-04 4.771685e-09 7.190689e-04 100.0%
                            71.0%        29.0%         0.0%
Writing metric power__internal__total: 0.0005104265292175114
Writing metric power__switching__total: 0.0002086375461658463
Writing metric power__leakage__total: 4.771685269133741e-9
Writing metric power__total: 0.0007190688629634678

