
===========================================================================
 report_power
============================================================================
======================= nom_tt_025C_1v80 Corner ===================================

Group                    Internal    Switching      Leakage        Total
                            Power        Power        Power        Power (Watts)
------------------------------------------------------------------------
Sequential           3.587832e-04 3.863098e-05 1.878045e-09 3.974160e-04  58.1%
Combinational        1.417568e-04 1.448938e-04 1.821365e-09 2.866524e-04  41.9%
Clock                0.000000e+00 0.000000e+00 0.000000e+00 0.000000e+00   0.0%
Macro                0.000000e+00 0.000000e+00 0.000000e+00 0.000000e+00   0.0%
Pad                  0.000000e+00 0.000000e+00 0.000000e+00 0.000000e+00   0.0%
------------------------------------------------------------------------
Total                5.005397e-04 1.835247e-04 3.699409e-09 6.840682e-04 100.0%
                            73.2%        26.8%         0.0%

