
===========================================================================
 report_power
============================================================================
======================= nom_ff_n40C_1v95 Corner ===================================

Group                    Internal    Switching      Leakage        Total
                            Power        Power        Power        Power (Watts)
------------------------------------------------------------------------
Sequential           4.201514e-04 4.608114e-05 3.362608e-09 4.662359e-04  57.2%
Combinational        1.779607e-04 1.713425e-04 4.624445e-09 3.493078e-04  42.8%
Clock                0.000000e+00 0.000000e+00 0.000000e+00 0.000000e+00   0.0%
Macro                0.000000e+00 0.000000e+00 0.000000e+00 0.000000e+00   0.0%
Pad                  0.000000e+00 0.000000e+00 0.000000e+00 0.000000e+00   0.0%
------------------------------------------------------------------------
Total                5.981115e-04 2.174234e-04 7.987055e-09 8.155429e-04 100.0%
                            73.3%        26.7%         0.0%

