
===========================================================================
 report_power
============================================================================
======================= min_tt_025C_1v80 Corner ===================================

Group                    Internal    Switching      Leakage        Total
                            Power        Power        Power        Power (Watts)
------------------------------------------------------------------------
Sequential           3.472230e-04 3.158729e-05 2.076740e-09 3.788124e-04  44.0%
Combinational        1.712602e-04 1.677698e-04 3.238581e-09 3.390333e-04  39.4%
Clock                6.419428e-05 7.848146e-05 1.128535e-09 1.426769e-04  16.6%
Macro                0.000000e+00 0.000000e+00 0.000000e+00 0.000000e+00   0.0%
Pad                  0.000000e+00 0.000000e+00 0.000000e+00 0.000000e+00   0.0%
------------------------------------------------------------------------
Total                5.826775e-04 2.778388e-04 6.443854e-09 8.605229e-04 100.0%
                            67.7%        32.3%         0.0%

