
===========================================================================
 report_power
============================================================================
======================= min_ss_100C_1v60 Corner ===================================

Group                    Internal    Switching      Leakage        Total
                            Power        Power        Power        Power (Watts)
------------------------------------------------------------------------
Sequential           2.686736e-04 2.434153e-05 3.094917e-06 2.961101e-04  43.4%
Combinational        1.376634e-04 1.309193e-04 4.127786e-06 2.727106e-04  40.0%
Clock                5.263375e-05 6.012815e-05 1.920663e-07 1.129540e-04  16.6%
Macro                0.000000e+00 0.000000e+00 0.000000e+00 0.000000e+00   0.0%
Pad                  0.000000e+00 0.000000e+00 0.000000e+00 0.000000e+00   0.0%
------------------------------------------------------------------------
Total                4.589706e-04 2.153889e-04 7.414772e-06 6.817743e-04 100.0%
                            67.3%        31.6%         1.1%

