
===========================================================================
 report_power
============================================================================
======================= nom_tt_025C_1v80 Corner ===================================

Group                    Internal    Switching      Leakage        Total
                            Power        Power        Power        Power (Watts)
------------------------------------------------------------------------
Sequential           3.655705e-04 4.171615e-05 1.878045e-09 4.072885e-04  57.5%
Combinational        1.433136e-04 1.583392e-04 1.821365e-09 3.016546e-04  42.5%
Clock                0.000000e+00 0.000000e+00 2.980835e-10 2.980835e-10   0.0%
Macro                0.000000e+00 0.000000e+00 0.000000e+00 0.000000e+00   0.0%
Pad                  0.000000e+00 0.000000e+00 0.000000e+00 0.000000e+00   0.0%
------------------------------------------------------------------------
Total                5.088841e-04 2.000554e-04 3.997495e-09 7.089435e-04 100.0%
                            71.8%        28.2%         0.0%
Writing metric power__internal__total: 0.0005088841426186264
Writing metric power__switching__total: 0.00020005536498501897
Writing metric power__leakage__total: 3.99749522372872e-9
Writing metric power__total: 0.0007089435239322484

