
===========================================================================
 report_power
============================================================================
======================= nom_tt_025C_1v80 Corner ===================================

Group                    Internal    Switching      Leakage        Total
                            Power        Power        Power        Power (Watts)
------------------------------------------------------------------------
Sequential           3.475008e-04 3.246923e-05 2.076740e-09 3.799721e-04  44.9%
Combinational        1.716726e-04 1.633634e-04 3.238575e-09 3.350392e-04  39.6%
Clock                6.412978e-05 6.659998e-05 4.254448e-10 1.307302e-04  15.5%
Macro                0.000000e+00 0.000000e+00 0.000000e+00 0.000000e+00   0.0%
Pad                  0.000000e+00 0.000000e+00 0.000000e+00 0.000000e+00   0.0%
------------------------------------------------------------------------
Total                5.833034e-04 2.624327e-04 5.740766e-09 8.457419e-04 100.0%
                            69.0%        31.0%         0.0%
Writing metric power__internal__total: 0.0005833033937960863
Writing metric power__switching__total: 0.00026243270258419216
Writing metric power__leakage__total: 5.740766084727511e-9
Writing metric power__total: 0.0008457418880425394

