
===========================================================================
 report_power
============================================================================
======================= nom_tt_025C_1v80 Corner ===================================

Group                    Internal    Switching      Leakage        Total
                            Power        Power        Power        Power (Watts)
------------------------------------------------------------------------
Sequential           3.471954e-04 3.272184e-05 2.076740e-09 3.799193e-04  43.6%
Combinational        1.713114e-04 1.735743e-04 3.238581e-09 3.448889e-04  39.6%
Clock                6.423466e-05 8.165916e-05 1.128535e-09 1.458950e-04  16.8%
Macro                0.000000e+00 0.000000e+00 0.000000e+00 0.000000e+00   0.0%
Pad                  0.000000e+00 0.000000e+00 0.000000e+00 0.000000e+00   0.0%
------------------------------------------------------------------------
Total                5.827414e-04 2.879555e-04 6.443854e-09 8.707033e-04 100.0%
                            66.9%        33.1%         0.0%

