
===========================================================================
 report_power
============================================================================
======================= min_ff_n40C_1v95 Corner ===================================

Group                    Internal    Switching      Leakage        Total
                            Power        Power        Power        Power (Watts)
------------------------------------------------------------------------
Sequential           4.025823e-04 3.811669e-05 2.545396e-09 4.407015e-04  44.0%
Combinational        1.939080e-04 1.986626e-04 9.102672e-09 3.925796e-04  39.2%
Clock                7.299656e-05 9.423125e-05 1.747485e-09 1.672296e-04  16.7%
Macro                0.000000e+00 0.000000e+00 0.000000e+00 0.000000e+00   0.0%
Pad                  0.000000e+00 0.000000e+00 0.000000e+00 0.000000e+00   0.0%
------------------------------------------------------------------------
Total                6.694866e-04 3.310104e-04 1.339556e-08 1.000510e-03 100.0%
                            66.9%        33.1%         0.0%

