
===========================================================================
 report_power
============================================================================
======================= nom_tt_025C_1v80 Corner ===================================

Group                    Internal    Switching      Leakage        Total
                            Power        Power        Power        Power (Watts)
------------------------------------------------------------------------
Sequential           3.477752e-04 2.696511e-05 2.076740e-09 3.747423e-04  46.7%
Combinational        1.709928e-04 1.443207e-04 3.238575e-09 3.153167e-04  39.3%
Clock                6.336378e-05 4.984805e-05 4.254448e-10 1.132123e-04  14.1%
Macro                0.000000e+00 0.000000e+00 0.000000e+00 0.000000e+00   0.0%
Pad                  0.000000e+00 0.000000e+00 0.000000e+00 0.000000e+00   0.0%
------------------------------------------------------------------------
Total                5.821317e-04 2.211339e-04 5.740766e-09 8.032713e-04 100.0%
                            72.5%        27.5%         0.0%
Writing metric power__internal__total: 0.0005821316735818982
Writing metric power__switching__total: 0.00022113385784905404
Writing metric power__leakage__total: 5.740766084727511e-9
Writing metric power__total: 0.0008032713085412979

