
===========================================================================
 report_power
============================================================================
======================= nom_ss_100C_1v60 Corner ===================================

Group                    Internal    Switching      Leakage        Total
                            Power        Power        Power        Power (Watts)
------------------------------------------------------------------------
Sequential           2.780862e-04 3.014276e-05 3.209417e-06 3.114384e-04  57.9%
Combinational        1.109984e-04 1.131883e-04 2.306736e-06 2.264934e-04  42.1%
Clock                0.000000e+00 0.000000e+00 0.000000e+00 0.000000e+00   0.0%
Macro                0.000000e+00 0.000000e+00 0.000000e+00 0.000000e+00   0.0%
Pad                  0.000000e+00 0.000000e+00 0.000000e+00 0.000000e+00   0.0%
------------------------------------------------------------------------
Total                3.890849e-04 1.433310e-04 5.516153e-06 5.379320e-04 100.0%
                            72.3%        26.6%         1.0%

